// Jest Snapshot v1, https://goo.gl/fbAQLP

exports[`renders correctly 1`] = `
<View>
  <Text>
    Welcome to React Native!
  </Text>
  <Text>
    This is a React Native snapshot test.
  </Text>
</View>
`;
